###############################################################################
#
# IAR ELF Linker V7.70.1.11437/W32 for ARM                07/Nov/2018  16:07:08
# Copyright 2007-2016 IAR Systems AB.
#
#    Output file  =  
#        C:\git\HAN_MAGS\ARM_M3_MAGS_MAIN\FINAL_MAGS\EWARM\FINAL_MAGS\Exe\FINAL_MAGS.out
#    Map file     =  
#        C:\git\HAN_MAGS\ARM_M3_MAGS_MAIN\FINAL_MAGS\EWARM\FINAL_MAGS\List\FINAL_MAGS.map
#    Command line =  
#        C:\git\HAN_MAGS\ARM_M3_MAGS_MAIN\FINAL_MAGS\EWARM\FINAL_MAGS\Obj\B_ADC.o
#        C:\git\HAN_MAGS\ARM_M3_MAGS_MAIN\FINAL_MAGS\EWARM\FINAL_MAGS\Obj\G_servo.o
#        C:\git\HAN_MAGS\ARM_M3_MAGS_MAIN\FINAL_MAGS\EWARM\FINAL_MAGS\Obj\GPS.o
#        C:\git\HAN_MAGS\ARM_M3_MAGS_MAIN\FINAL_MAGS\EWARM\FINAL_MAGS\Obj\main.o
#        C:\git\HAN_MAGS\ARM_M3_MAGS_MAIN\FINAL_MAGS\EWARM\FINAL_MAGS\Obj\main_mot.o
#        C:\git\HAN_MAGS\ARM_M3_MAGS_MAIN\FINAL_MAGS\EWARM\FINAL_MAGS\Obj\startup_stm32f103xe.o
#        C:\git\HAN_MAGS\ARM_M3_MAGS_MAIN\FINAL_MAGS\EWARM\FINAL_MAGS\Obj\stm32f1xx_hal.o
#        C:\git\HAN_MAGS\ARM_M3_MAGS_MAIN\FINAL_MAGS\EWARM\FINAL_MAGS\Obj\stm32f1xx_hal_adc.o
#        C:\git\HAN_MAGS\ARM_M3_MAGS_MAIN\FINAL_MAGS\EWARM\FINAL_MAGS\Obj\stm32f1xx_hal_adc_ex.o
#        C:\git\HAN_MAGS\ARM_M3_MAGS_MAIN\FINAL_MAGS\EWARM\FINAL_MAGS\Obj\stm32f1xx_hal_can.o
#        C:\git\HAN_MAGS\ARM_M3_MAGS_MAIN\FINAL_MAGS\EWARM\FINAL_MAGS\Obj\stm32f1xx_hal_cortex.o
#        C:\git\HAN_MAGS\ARM_M3_MAGS_MAIN\FINAL_MAGS\EWARM\FINAL_MAGS\Obj\stm32f1xx_hal_dma.o
#        C:\git\HAN_MAGS\ARM_M3_MAGS_MAIN\FINAL_MAGS\EWARM\FINAL_MAGS\Obj\stm32f1xx_hal_flash.o
#        C:\git\HAN_MAGS\ARM_M3_MAGS_MAIN\FINAL_MAGS\EWARM\FINAL_MAGS\Obj\stm32f1xx_hal_flash_ex.o
#        C:\git\HAN_MAGS\ARM_M3_MAGS_MAIN\FINAL_MAGS\EWARM\FINAL_MAGS\Obj\stm32f1xx_hal_gpio.o
#        C:\git\HAN_MAGS\ARM_M3_MAGS_MAIN\FINAL_MAGS\EWARM\FINAL_MAGS\Obj\stm32f1xx_hal_gpio_ex.o
#        C:\git\HAN_MAGS\ARM_M3_MAGS_MAIN\FINAL_MAGS\EWARM\FINAL_MAGS\Obj\stm32f1xx_hal_msp.o
#        C:\git\HAN_MAGS\ARM_M3_MAGS_MAIN\FINAL_MAGS\EWARM\FINAL_MAGS\Obj\stm32f1xx_hal_pwr.o
#        C:\git\HAN_MAGS\ARM_M3_MAGS_MAIN\FINAL_MAGS\EWARM\FINAL_MAGS\Obj\stm32f1xx_hal_rcc.o
#        C:\git\HAN_MAGS\ARM_M3_MAGS_MAIN\FINAL_MAGS\EWARM\FINAL_MAGS\Obj\stm32f1xx_hal_rcc_ex.o
#        C:\git\HAN_MAGS\ARM_M3_MAGS_MAIN\FINAL_MAGS\EWARM\FINAL_MAGS\Obj\stm32f1xx_hal_tim.o
#        C:\git\HAN_MAGS\ARM_M3_MAGS_MAIN\FINAL_MAGS\EWARM\FINAL_MAGS\Obj\stm32f1xx_hal_tim_ex.o
#        C:\git\HAN_MAGS\ARM_M3_MAGS_MAIN\FINAL_MAGS\EWARM\FINAL_MAGS\Obj\stm32f1xx_hal_uart.o
#        C:\git\HAN_MAGS\ARM_M3_MAGS_MAIN\FINAL_MAGS\EWARM\FINAL_MAGS\Obj\stm32f1xx_it.o
#        C:\git\HAN_MAGS\ARM_M3_MAGS_MAIN\FINAL_MAGS\EWARM\FINAL_MAGS\Obj\system_stm32f1xx.o
#        C:\git\HAN_MAGS\ARM_M3_MAGS_MAIN\FINAL_MAGS\EWARM\FINAL_MAGS\Obj\UART.o
#        C:\git\HAN_MAGS\ARM_M3_MAGS_MAIN\FINAL_MAGS\EWARM\FINAL_MAGS\Obj\water_mot.o
#        --redirect _Printf=_PrintfFull --redirect _Scanf=_ScanfFull -o
#        C:\git\HAN_MAGS\ARM_M3_MAGS_MAIN\FINAL_MAGS\EWARM\FINAL_MAGS\Exe\FINAL_MAGS.out
#        --map
#        C:\git\HAN_MAGS\ARM_M3_MAGS_MAIN\FINAL_MAGS\EWARM\FINAL_MAGS\List\FINAL_MAGS.map
#        --config
#        C:\git\HAN_MAGS\ARM_M3_MAGS_MAIN\FINAL_MAGS\EWARM/stm32f103xe_flash.icf
#        --semihosting --entry __iar_program_start --vfe
#
###############################################################################

*******************************************************************************
*** RUNTIME MODEL ATTRIBUTES
***

CppFlavor                     = *
__Heap_Handler                = Basic
__SystemLibrary               = DLib
__dlib_dynamic_initialization = normal


*******************************************************************************
*** PLACEMENT SUMMARY
***

"A0":  place at 0x08000000 { ro section .intvec };
"P1":  place in [from 0x08000000 to 0x0807ffff] { ro };
"P2":  place in [from 0x20000000 to 0x2000ffff] { rw, block CSTACK, block HEAP };
initialize by copy { rw };

  Section             Kind        Address    Size  Object
  -------             ----        -------    ----  ------
"A0":                                       0x130
  .intvec             ro code  0x08000000   0x130  startup_stm32f103xe.o [1]
                             - 0x08000130   0x130

"P1":                                      0x5834
  .text               ro code  0x08000130  0x118a  xprintffull.o [3]
  .text               ro code  0x080012ba    0x20  xmbtowc.o [3]
  .text               ro code  0x080012dc    0x16  strchr.o [5]
  .text               ro code  0x080012f4    0x36  strlen.o [5]
  .text               ro code  0x0800132c    0x58  memchr.o [5]
  .text               ro code  0x08001384     0xa  xmbcurmax.o [3]
  .text               ro code  0x08001390    0xb0  xxmemxmalloc.o [3]
  .text               ro code  0x08001440    0x1a  xwctomb.o [3]
  .text               ro code  0x0800145c    0x76  ABImemcpy_unaligned.o [5]
  .text               ro code  0x080014d4    0x80  xxmemxfree.o [3]
  .text               ro code  0x08001554    0xee  I64DivMod.o [5]
  .text               ro code  0x08001642    0x44  xdnorm.o [4]
  .text               ro code  0x08001688    0x2e  DblCmpLe.o [4]
  .text               ro code  0x080016b8    0x2e  DblCmpGe.o [4]
  .text               ro code  0x080016e8   0x10c  xdscale.o [4]
  .text               ro code  0x080017f4    0x58  DblToI32.o [4]
  .text               ro code  0x0800184c    0x30  I32ToDbl.o [4]
  .text               ro code  0x0800187c   0x180  DblSub.o [4]
  .text               ro code  0x080019fc   0x1a2  DblMul.o [4]
  .text               ro code  0x08001ba0   0x256  DblDiv.o [4]
  .text               ro code  0x08001df8    0x6c  localeconv.o [3]
  .text               ro code  0x08001e64     0xe  div.o [3]
  .text               ro code  0x08001e74    0x14  setlocale.o [3]
  .text               ro code  0x08001e88    0x60  xencoding_sb.o [3]
  .text               ro code  0x08001ee8    0x2c  xgetmemchunk.o [3]
  .text               ro code  0x08001f14     0x2  I64DivZer.o [5]
  .text               ro code  0x08001f18    0xe8  DblAdd.o [4]
  .text               ro code  0x08002000     0x2  xtls.o [3]
  .text               ro code  0x08002004   0x91c  main.o [1]
  .text               ro code  0x08002920   0x588  stm32f1xx_hal_uart.o [1]
  .text               ro code  0x08002ea8    0x28  stm32f1xx_hal.o [1]
  .text               ro code  0x08002ed0    0x6c  B_ADC.o [1]
  .text               ro code  0x08002f3c    0x24  stm32f1xx_hal.o [1]
  .text               ro code  0x08002f60   0x1d8  stm32f1xx_hal_gpio.o [1]
  .text               ro code  0x08003138   0x520  stm32f1xx_hal_adc.o [1]
  .text               ro code  0x08003658   0x440  stm32f1xx_hal_can.o [1]
  .text               ro code  0x08003a98   0x60a  stm32f1xx_hal_tim.o [1]
  .text               ro code  0x080040a4    0x1c  water_mot.o [1]
  .text               ro code  0x080040c0   0x348  GPS.o [1]
  .text               ro code  0x08004408     0x6  ABImemclr4.o [5]
  .text               ro code  0x08004410    0x24  printf.o [3]
  .text               ro code  0x08004434    0xcc  atan2.o [4]
  .text               ro code  0x08004500   0x4ae  stm32f1xx_hal_rcc.o [1]
  .text               ro code  0x080049b0   0x1ce  stm32f1xx_hal_rcc_ex.o [1]
  .text               ro code  0x08004b80    0xde  stm32f1xx_hal_cortex.o [1]
  .text               ro code  0x08004c60    0xa8  stm32f1xx_hal_tim_ex.o [1]
  .text               ro code  0x08004d08   0x328  stm32f1xx_hal_msp.o [1]
  .text               ro code  0x08005030     0xc  stm32f1xx_hal.o [1]
  .text               ro code  0x0800503c   0x11c  stm32f1xx_hal_dma.o [1]
  .text               ro code  0x08005158     0x2  stm32f1xx_hal_uart.o [1]
  .text               ro code  0x0800515a     0x2  stm32f1xx_hal_uart.o [1]
  .text               ro code  0x0800515c   0x124  UART.o [1]
  .text               ro code  0x08005280    0x40  stm32f1xx_hal.o [1]
  .text               ro code  0x080052c0     0x2  stm32f1xx_hal_can.o [1]
  .text               ro code  0x080052c2     0x2  stm32f1xx_hal_can.o [1]
  .text               ro code  0x080052c4     0x2  stm32f1xx_hal_can.o [1]
  .text               ro code  0x080052c6     0x2  stm32f1xx_hal_tim.o [1]
  .text               ro code  0x080052c8     0x2  stm32f1xx_hal_tim.o [1]
  .text               ro code  0x080052ca     0x2  stm32f1xx_hal_tim.o [1]
  .text               ro code  0x080052cc     0x2  stm32f1xx_hal_tim_ex.o [1]
  .text               ro code  0x080052ce     0x2  stm32f1xx_hal_tim.o [1]
  .text               ro code  0x080052d0     0x2  stm32f1xx_hal_tim_ex.o [1]
  .text               ro code  0x080052d2     0x2  stm32f1xx_hal_tim.o [1]
  .text               ro code  0x080052d4    0x32  ABImemset48.o [5]
  .text               ro code  0x08005306    0x32  xdtest.o [4]
  .text               ro code  0x08005338   0x1e0  xatan.o [4]
  .text               ro code  0x08005518    0x84  main_mot.o [1]
  .text               ro code  0x0800559c    0x28  G_servo.o [1]
  .text               ro code  0x080055c4    0x78  lz77_init_single.o [5]
  .text               ro code  0x0800563c    0x5c  system_stm32f1xx.o [1]
  .text               ro code  0x08005698    0x4c  stm32f1xx_it.o [1]
  .text               ro code  0x080056e4    0x10  stm32f1xx_hal.o [1]
  .text               ro code  0x080056f4    0x40  zero_init3.o [5]
  .text               ro code  0x08005734    0x28  data_init.o [5]
  .iar.init_table     const    0x0800575c    0x20  - Linker created -
  .text               ro code  0x0800577c    0x1a  cmain.o [5]
  .text               ro code  0x08005796     0x4  low_level_init.o [3]
  .text               ro code  0x0800579a     0x4  exit.o [3]
  .text               ro code  0x080057a0     0xa  cexit.o [5]
  .text               ro code  0x080057ac    0x14  exit.o [6]
  .text               ro code  0x080057c0    0x16  xprout.o [3]
  .text               ro code  0x080057d8     0xc  putchar.o [3]
  .text               ro code  0x080057e4    0x10  startup_stm32f103xe.o [1]
  .text               ro code  0x080057f4     0xc  cstartup_M.o [5]
  .rodata             const    0x08005800     0x8  system_stm32f1xx.o [1]
  .text               ro code  0x08005808     0x4  startup_stm32f103xe.o [1]
  .text               ro code  0x0800580c     0x4  startup_stm32f103xe.o [1]
  .text               ro code  0x08005810     0x4  startup_stm32f103xe.o [1]
  .text               ro code  0x08005814     0x4  startup_stm32f103xe.o [1]
  .text               ro code  0x08005818     0x4  startup_stm32f103xe.o [1]
  .text               ro code  0x0800581c     0x4  startup_stm32f103xe.o [1]
  .text               ro code  0x08005820     0x4  startup_stm32f103xe.o [1]
  .text               ro code  0x08005824     0x4  startup_stm32f103xe.o [1]
  .text               ro code  0x08005828     0x4  startup_stm32f103xe.o [1]
  .text               ro code  0x0800582c     0x4  startup_stm32f103xe.o [1]
  .text               ro code  0x08005830     0x4  startup_stm32f103xe.o [1]
  .text               ro code  0x08005834     0x4  startup_stm32f103xe.o [1]
  .text               ro code  0x08005838     0x4  startup_stm32f103xe.o [1]
  .text               ro code  0x0800583c     0x4  startup_stm32f103xe.o [1]
  .text               ro code  0x08005840     0x4  startup_stm32f103xe.o [1]
  .text               ro code  0x08005844     0x4  startup_stm32f103xe.o [1]
  .text               ro code  0x08005848     0x4  startup_stm32f103xe.o [1]
  .text               ro code  0x0800584c     0x4  startup_stm32f103xe.o [1]
  .text               ro code  0x08005850     0x4  startup_stm32f103xe.o [1]
  .text               ro code  0x08005854     0x4  startup_stm32f103xe.o [1]
  .text               ro code  0x08005858     0x4  startup_stm32f103xe.o [1]
  .text               ro code  0x0800585c     0x4  startup_stm32f103xe.o [1]
  .text               ro code  0x08005860     0x4  startup_stm32f103xe.o [1]
  .text               ro code  0x08005864     0x4  startup_stm32f103xe.o [1]
  .text               ro code  0x08005868     0x4  startup_stm32f103xe.o [1]
  .text               ro code  0x0800586c     0x4  startup_stm32f103xe.o [1]
  .text               ro code  0x08005870     0x4  startup_stm32f103xe.o [1]
  .text               ro code  0x08005874     0x4  startup_stm32f103xe.o [1]
  .text               ro code  0x08005878     0x4  startup_stm32f103xe.o [1]
  .text               ro code  0x0800587c     0x4  startup_stm32f103xe.o [1]
  .text               ro code  0x08005880     0x4  startup_stm32f103xe.o [1]
  .text               ro code  0x08005884     0x4  startup_stm32f103xe.o [1]
  .text               ro code  0x08005888     0x4  startup_stm32f103xe.o [1]
  .text               ro code  0x0800588c     0x4  startup_stm32f103xe.o [1]
  .text               ro code  0x08005890     0x4  startup_stm32f103xe.o [1]
  .text               ro code  0x08005894     0x4  startup_stm32f103xe.o [1]
  .text               ro code  0x08005898     0x4  startup_stm32f103xe.o [1]
  .text               ro code  0x0800589c     0x4  startup_stm32f103xe.o [1]
  .text               ro code  0x080058a0     0x4  startup_stm32f103xe.o [1]
  .text               ro code  0x080058a4     0x4  startup_stm32f103xe.o [1]
  .text               ro code  0x080058a8     0x4  startup_stm32f103xe.o [1]
  .text               ro code  0x080058ac     0x4  startup_stm32f103xe.o [1]
  .text               ro code  0x080058b0     0x4  startup_stm32f103xe.o [1]
  .text               ro code  0x080058b4     0x4  startup_stm32f103xe.o [1]
  .text               ro code  0x080058b8     0x4  startup_stm32f103xe.o [1]
  .text               ro code  0x080058bc     0x4  startup_stm32f103xe.o [1]
  .text               ro code  0x080058c0     0x4  startup_stm32f103xe.o [1]
  .text               ro code  0x080058c4     0x4  startup_stm32f103xe.o [1]
  .text               ro code  0x080058c8     0x4  startup_stm32f103xe.o [1]
  .text               ro code  0x080058cc     0x4  startup_stm32f103xe.o [1]
  .text               ro code  0x080058d0     0x4  startup_stm32f103xe.o [1]
  .text               ro code  0x080058d4     0x4  startup_stm32f103xe.o [1]
  .text               ro code  0x080058d8     0x4  startup_stm32f103xe.o [1]
  .text               ro code  0x080058dc     0x4  startup_stm32f103xe.o [1]
  .text               ro code  0x080058e0     0x4  startup_stm32f103xe.o [1]
  .rodata             const    0x080058e4     0x0  zero_init3.o [5]
  .rodata             const    0x080058e4     0x0  lz77_init_single.o [5]
  Initializer bytes   const    0x080058e4    0x80  <for P2-1>
                             - 0x08005964  0x5834

"P2", part 1 of 3:                          0x260
  P2-1                         0x20000000   0x260  <Init block>
    .data             inited   0x20000000    0x24  G_servo.o [1]
    .data             inited   0x20000024    0x7c  main.o [1]
    .data             inited   0x200000a0    0x20  main_mot.o [1]
    .data             inited   0x200000c0    0x2c  main_mot.o [1]
    .data             inited   0x200000ec     0xc  stm32f1xx_hal.o [1]
    .data             inited   0x200000f8     0x4  system_stm32f1xx.o [1]
    .data             inited   0x200000fc    0x28  UART.o [1]
    .data             inited   0x20000124    0x40  xfiles.o [3]
    __DLIB_PERTHREAD  inited   0x20000164    0x88  localeconv.o [3]
    __DLIB_PERTHREAD  inited   0x200001ec    0x74  setlocale.o [3]
                             - 0x20000260   0x260

"P2", part 2 of 3:                          0x600
  CSTACK                       0x20000260   0x400  <Block>
    CSTACK            uninit   0x20000260   0x400  <Block tail>
  HEAP                         0x20000660   0x200  <Block>
    HEAP              uninit   0x20000660   0x200  <Block tail>
                             - 0x20000860   0x600

"P2", part 3 of 3:                          0x258
  .bss                zero     0x20000860   0x179  main.o [1]
  .bss                zero     0x200009dc    0x50  xfiles.o [3]
  .bss                zero     0x20000a2c    0x40  main.o [1]
  .bss                zero     0x20000a6c    0x40  main.o [1]
  .bss                zero     0x20000aac     0x8  xxmemxmalloc.o [3]
  .bss                zero     0x20000ab4     0x4  xgetmemchunk.o [3]
                             - 0x20000ab8   0x258


*******************************************************************************
*** INIT TABLE
***

          Address     Size
          -------     ----
Zero (__iar_zero_init3)
    1 destination range, total size 0x258:
          0x20000860  0x258

Copy/lz77 (__iar_lz77_init_single3)
    1 source range, total size 0x80 (21% of destination):
          0x080058e4   0x80
    1 destination range, total size 0x260:
          0x20000000  0x260



*******************************************************************************
*** MODULE SUMMARY
***

    Module                  ro code  ro data  rw data
    ------                  -------  -------  -------
C:\git\HAN_MAGS\ARM_M3_MAGS_MAIN\FINAL_MAGS\EWARM\FINAL_MAGS\Obj: [1]
    B_ADC.o                     108
    GPS.o                       840
    G_servo.o                    40        7       36
    UART.o                      292        8       40
    main.o                    2 332       26      629
    main_mot.o                  132       16       76
    startup_stm32f103xe.o       540
    stm32f1xx_hal.o             168        3       12
    stm32f1xx_hal_adc.o       1 312
    stm32f1xx_hal_can.o       1 094
    stm32f1xx_hal_cortex.o      222
    stm32f1xx_hal_dma.o         284
    stm32f1xx_hal_gpio.o        472
    stm32f1xx_hal_msp.o         808
    stm32f1xx_hal_rcc.o       1 198
    stm32f1xx_hal_rcc_ex.o      462
    stm32f1xx_hal_tim.o       1 556
    stm32f1xx_hal_tim_ex.o      172
    stm32f1xx_hal_uart.o      1 420
    stm32f1xx_it.o               76
    system_stm32f1xx.o           92        9        4
    water_mot.o                  28
    -------------------------------------------------
    Total:                   13 648       69      797

command line: [2]
    -------------------------------------------------
    Total:

dl7M_tlf.a: [3]
    div.o                        14
    exit.o                        4
    localeconv.o                108       29      136
    low_level_init.o              4
    printf.o                     36
    putchar.o                    12
    setlocale.o                  20       25      116
    xencoding_sb.o               96
    xfiles.o                              13      144
    xgetmemchunk.o               44                 4
    xmbcurmax.o                  10
    xmbtowc.o                    32
    xprintffull.o             4 490
    xprout.o                     22
    xtls.o                        2
    xwctomb.o                    26
    xxmemxfree.o                128
    xxmemxmalloc.o              176                 8
    -------------------------------------------------
    Total:                    5 224       67      408

m7M_tl.a: [4]
    DblAdd.o                    232
    DblCmpGe.o                   46
    DblCmpLe.o                   46
    DblDiv.o                    598
    DblMul.o                    418
    DblSub.o                    384
    DblToI32.o                   88
    I32ToDbl.o                   48
    atan2.o                     204
    xatan.o                     480
    xdnorm.o                     68
    xdscale.o                   268
    xdtest.o                     50
    -------------------------------------------------
    Total:                    2 930

rt7M_tl.a: [5]
    ABImemclr4.o                  6
    ABImemcpy_unaligned.o       118
    ABImemset48.o                50
    I64DivMod.o                 238
    I64DivZer.o                   2
    cexit.o                      10
    cmain.o                      26
    cstartup_M.o                 12
    data_init.o                  40
    lz77_init_single.o          120
    memchr.o                     88
    strchr.o                     22
    strlen.o                     54
    zero_init3.o                 64
    -------------------------------------------------
    Total:                      850

shb_l.a: [6]
    exit.o                       20
    -------------------------------------------------
    Total:                       20

    Gaps                         44                 3
    Linker created                        32    1 536
-----------------------------------------------------
    Grand Total:             22 716      168    2 744


*******************************************************************************
*** ENTRY LIST
***

Entry                      Address   Size  Type      Object
-----                      -------   ----  ----      ------
.iar.init_table$$Base   0x0800575c          --   Gb  - Linker created -
.iar.init_table$$Limit  0x0800577c          --   Gb  - Linker created -
?main                   0x0800577d         Code  Gb  cmain.o [5]
ADC_ConversionStop_Disable
                        0x08003615   0x44  Code  Gb  stm32f1xx_hal_adc.o [1]
ADC_Enable              0x0800356d   0x68  Code  Gb  stm32f1xx_hal_adc.o [1]
AHBPrescTable           0x08005688   0x10  Data  Gb  system_stm32f1xx.o [1]
APBPrescTable           0x08005800    0x8  Data  Gb  system_stm32f1xx.o [1]
Aa                      0x200009b8    0x8  Data  Gb  main.o [1]
Al                      0x200009a8    0x8  Data  Gb  main.o [1]
Bat_check               0x08002ed1   0x52  Code  Gb  B_ADC.o [1]
BusFault_Handler        0x0800569f    0x2  Code  Gb  stm32f1xx_it.o [1]
CAN_Receive_IT          0x08003961  0x114  Code  Lc  stm32f1xx_hal_can.o [1]
CSTACK$$Base            0x20000260          --   Gb  - Linker created -
CSTACK$$Limit           0x20000660          --   Gb  - Linker created -
DGPS                    0x20000860   0x14  Data  Gb  main.o [1]
DLAT                    0x20000880    0xc  Data  Gb  main.o [1]
DLONG                   0x20000874    0xc  Data  Gb  main.o [1]
Da                      0x200009c0    0x8  Data  Gb  main.o [1]
DebugMon_Handler        0x080056a5    0x2  Code  Gb  stm32f1xx_it.o [1]
Dl                      0x200009b0    0x8  Data  Gb  main.o [1]
Dlat                    0x2000088c    0xc  Data  Gb  main.o [1]
Dlatitude               0x200009c8    0x8  Data  Gb  main.o [1]
Dlong                   0x20000898    0xc  Data  Gb  main.o [1]
Dlongtitude             0x200009d0    0x8  Data  Gb  main.o [1]
G_dir                   0x2000011c    0x4  Data  Gb  UART.o [1]
G_direction             0x20000000   0x24  Data  Gb  G_servo.o [1]
HAL_ADC_ConfigChannel   0x08003473   0xe2  Code  Gb  stm32f1xx_hal_adc.o [1]
HAL_ADC_GetValue        0x0800346d    0x6  Code  Gb  stm32f1xx_hal_adc.o [1]
HAL_ADC_Init            0x08003139  0x110  Code  Gb  stm32f1xx_hal_adc.o [1]
HAL_ADC_MspInit         0x08004d9d   0x36  Code  Gb  stm32f1xx_hal_msp.o [1]
HAL_ADC_PollForConversion
                        0x08003293  0x140  Code  Gb  stm32f1xx_hal_adc.o [1]
HAL_ADC_Start           0x08003249   0x4a  Code  Gb  stm32f1xx_hal_adc.o [1]
HAL_CAN_ErrorCallback   0x080052c3    0x2  Code  Wk  stm32f1xx_hal_can.o [1]
HAL_CAN_IRQHandler      0x0800375b  0x1e8  Code  Gb  stm32f1xx_hal_can.o [1]
HAL_CAN_Init            0x08003659   0xe6  Code  Gb  stm32f1xx_hal_can.o [1]
HAL_CAN_MspInit         0x08004dd3   0x72  Code  Gb  stm32f1xx_hal_msp.o [1]
HAL_CAN_RxCpltCallback  0x080052c5    0x2  Code  Wk  stm32f1xx_hal_can.o [1]
HAL_CAN_TxCpltCallback  0x080052c1    0x2  Code  Wk  stm32f1xx_hal_can.o [1]
HAL_DMA_Abort_IT        0x0800503d   0xe2  Code  Gb  stm32f1xx_hal_dma.o [1]
HAL_Delay               0x08002ea9   0x28  Code  Wk  stm32f1xx_hal.o [1]
HAL_GPIO_Init           0x08002f61  0x188  Code  Gb  stm32f1xx_hal_gpio.o [1]
HAL_GPIO_ReadPin        0x080030e9    0xc  Code  Gb  stm32f1xx_hal_gpio.o [1]
HAL_GPIO_WritePin       0x080030f5    0x8  Code  Gb  stm32f1xx_hal_gpio.o [1]
HAL_GetTick             0x08005031    0xc  Code  Wk  stm32f1xx_hal.o [1]
HAL_IncTick             0x080056e5   0x10  Code  Wk  stm32f1xx_hal.o [1]
HAL_Init                0x08002f3d   0x20  Code  Gb  stm32f1xx_hal.o [1]
HAL_InitTick            0x08005281   0x40  Code  Wk  stm32f1xx_hal.o [1]
HAL_MspInit             0x08004d09   0x94  Code  Gb  stm32f1xx_hal_msp.o [1]
HAL_NVIC_EnableIRQ      0x08004bef    0xc  Code  Gb  stm32f1xx_hal_cortex.o [1]
HAL_NVIC_SetPriority    0x08004bb5   0x3a  Code  Gb  stm32f1xx_hal_cortex.o [1]
HAL_NVIC_SetPriorityGrouping
                        0x08004b9b   0x1a  Code  Gb  stm32f1xx_hal_cortex.o [1]
HAL_RCCEx_GetPeriphCLKFreq
                        0x08004a8d   0xc8  Code  Gb  stm32f1xx_hal_rcc_ex.o [1]
HAL_RCCEx_PeriphCLKConfig
                        0x080049b1   0xdc  Code  Gb  stm32f1xx_hal_rcc_ex.o [1]
HAL_RCC_ClockConfig     0x080047db  0x10a  Code  Gb  stm32f1xx_hal_rcc.o [1]
HAL_RCC_GetHCLKFreq     0x08004947    0x6  Code  Gb  stm32f1xx_hal_rcc.o [1]
HAL_RCC_GetPCLK1Freq    0x0800494d   0x10  Code  Gb  stm32f1xx_hal_rcc.o [1]
HAL_RCC_GetPCLK2Freq    0x0800495d    0xe  Code  Gb  stm32f1xx_hal_rcc.o [1]
HAL_RCC_GetSysClockFreq
                        0x080048f9   0x4e  Code  Gb  stm32f1xx_hal_rcc.o [1]
HAL_RCC_OscConfig       0x08004501  0x2d2  Code  Gb  stm32f1xx_hal_rcc.o [1]
HAL_SYSTICK_CLKSourceConfig
                        0x08004c2b   0x14  Code  Gb  stm32f1xx_hal_cortex.o [1]
HAL_SYSTICK_Callback    0x08004c5d    0x2  Code  Wk  stm32f1xx_hal_cortex.o [1]
HAL_SYSTICK_Config      0x08004c03   0x28  Code  Gb  stm32f1xx_hal_cortex.o [1]
HAL_SYSTICK_IRQHandler  0x08004c59    0x4  Code  Gb  stm32f1xx_hal_cortex.o [1]
HAL_TIMEx_BreakCallback
                        0x080052cd    0x2  Code  Wk  stm32f1xx_hal_tim_ex.o [1]
HAL_TIMEx_CommutationCallback
                        0x080052d1    0x2  Code  Wk  stm32f1xx_hal_tim_ex.o [1]
HAL_TIMEx_ConfigBreakDeadTime
                        0x08004c6d   0x52  Code  Gb  stm32f1xx_hal_tim_ex.o [1]
HAL_TIMEx_MasterConfigSynchronization
                        0x08004cbf   0x4a  Code  Gb  stm32f1xx_hal_tim_ex.o [1]
HAL_TIM_Base_Init       0x08003a99   0x1a  Code  Gb  stm32f1xx_hal_tim.o [1]
HAL_TIM_Base_MspInit    0x08004e45   0x64  Code  Gb  stm32f1xx_hal_msp.o [1]
HAL_TIM_Base_Start_IT   0x08003ab3   0x16  Code  Gb  stm32f1xx_hal_tim.o [1]
HAL_TIM_ConfigClockSource
                        0x08003d61   0xa8  Code  Gb  stm32f1xx_hal_tim.o [1]
HAL_TIM_IC_CaptureCallback
                        0x080052c9    0x2  Code  Wk  stm32f1xx_hal_tim.o [1]
HAL_TIM_IRQHandler      0x08003b41  0x142  Code  Gb  stm32f1xx_hal_tim.o [1]
HAL_TIM_MspPostInit     0x08004ea9   0x3e  Code  Gb  stm32f1xx_hal_msp.o [1]
HAL_TIM_OC_DelayElapsedCallback
                        0x080052cb    0x2  Code  Wk  stm32f1xx_hal_tim.o [1]
HAL_TIM_PWM_ConfigChannel
                        0x08003c89   0xb8  Code  Gb  stm32f1xx_hal_tim.o [1]
HAL_TIM_PWM_Init        0x08003af3   0x1a  Code  Gb  stm32f1xx_hal_tim.o [1]
HAL_TIM_PWM_MspInit     0x080052c7    0x2  Code  Wk  stm32f1xx_hal_tim.o [1]
HAL_TIM_PWM_PulseFinishedCallback
                        0x080052d3    0x2  Code  Wk  stm32f1xx_hal_tim.o [1]
HAL_TIM_PWM_Start       0x08003b15   0x14  Code  Gb  stm32f1xx_hal_tim.o [1]
HAL_TIM_PeriodElapsedCallback
                        0x0800206f   0x32  Code  Gb  main.o [1]
HAL_TIM_TriggerCallback
                        0x080052cf    0x2  Code  Wk  stm32f1xx_hal_tim.o [1]
HAL_UART_ErrorCallback  0x08005159    0x2  Code  Wk  stm32f1xx_hal_uart.o [1]
HAL_UART_IRQHandler     0x08002b61  0x14e  Code  Gb  stm32f1xx_hal_uart.o [1]
HAL_UART_Init           0x08002921   0x24  Code  Gb  stm32f1xx_hal_uart.o [1]
HAL_UART_MspInit        0x08004ef3   0xcc  Code  Gb  stm32f1xx_hal_msp.o [1]
HAL_UART_Receive        0x08002a31   0xa6  Code  Gb  stm32f1xx_hal_uart.o [1]
HAL_UART_Receive_IT     0x08002aed   0x54  Code  Gb  stm32f1xx_hal_uart.o [1]
HAL_UART_RxCpltCallback
                        0x0800515d  0x10c  Code  Gb  UART.o [1]
HAL_UART_Transmit       0x08002991   0xa0  Code  Gb  stm32f1xx_hal_uart.o [1]
HAL_UART_TxCpltCallback
                        0x0800515b    0x2  Code  Wk  stm32f1xx_hal_uart.o [1]
HEAP$$Base              0x20000660          --   Gb  - Linker created -
HEAP$$Limit             0x20000860          --   Gb  - Linker created -
HardFault_Handler       0x0800569b    0x2  Code  Gb  stm32f1xx_it.o [1]
LoadInt                 0x08000797   0x6e  Code  Lc  xprintffull.o [3]
MX_TIM1_Init            0x0800271d   0xae  Code  Lc  main.o [1]
MX_TIM3_Init            0x080027cb   0x8a  Code  Lc  main.o [1]
M_dir                   0x20000118    0x4  Data  Gb  UART.o [1]
M_direction             0x200000c0   0x2c  Data  Gb  main_mot.o [1]
M_spd                   0x20000114    0x4  Data  Gb  UART.o [1]
M_speed                 0x200000a0   0x20  Data  Gb  main_mot.o [1]
MemManage_Handler       0x0800569d    0x2  Code  Gb  stm32f1xx_it.o [1]
NMI_Handler             0x08005699    0x2  Code  Gb  stm32f1xx_it.o [1]
NVIC_SetPriority        0x08004b81   0x1a  Code  Lc  stm32f1xx_hal_cortex.o [1]
PendSV_Handler          0x080056a7    0x2  Code  Gb  stm32f1xx_it.o [1]
Region$$Table$$Base     0x0800575c          --   Gb  - Linker created -
Region$$Table$$Limit    0x0800577c          --   Gb  - Linker created -
SVC_Handler             0x080056a3    0x2  Code  Gb  stm32f1xx_it.o [1]
SysTick_Handler         0x080056a9    0xe  Code  Gb  stm32f1xx_it.o [1]
SystemClock_Config      0x08002695   0x88  Code  Gb  main.o [1]
SystemCoreClock         0x200000f8    0x4  Data  Gb  system_stm32f1xx.o [1]
SystemInit              0x0800563d   0x3a  Code  Gb  system_stm32f1xx.o [1]
TIM7_IRQHandler         0x080056cd    0x6  Code  Gb  stm32f1xx_it.o [1]
TIM_Base_SetConfig      0x08003e33   0x76  Code  Gb  stm32f1xx_hal_tim.o [1]
TIM_CCxChannelCmd       0x0800408b   0x18  Code  Gb  stm32f1xx_hal_tim.o [1]
TIM_ETR_SetConfig       0x08004077   0x14  Code  Lc  stm32f1xx_hal_tim.o [1]
TIM_ITRx_SetConfig      0x08004067   0x10  Code  Lc  stm32f1xx_hal_tim.o [1]
TIM_OC1_SetConfig       0x08003eab   0x52  Code  Lc  stm32f1xx_hal_tim.o [1]
TIM_OC2_SetConfig       0x08003eff   0x60  Code  Gb  stm32f1xx_hal_tim.o [1]
TIM_OC3_SetConfig       0x08003f5f   0x58  Code  Lc  stm32f1xx_hal_tim.o [1]
TIM_OC4_SetConfig       0x08003fc3   0x46  Code  Lc  stm32f1xx_hal_tim.o [1]
TIM_TI1_ConfigInputStage
                        0x08004021   0x22  Code  Lc  stm32f1xx_hal_tim.o [1]
TIM_TI2_ConfigInputStage
                        0x08004043   0x24  Code  Lc  stm32f1xx_hal_tim.o [1]
UART_DMAAbortOnError    0x08002d25    0xc  Code  Lc  stm32f1xx_hal_uart.o [1]
UART_EndRxTransfer      0x08002d05   0x1c  Code  Lc  stm32f1xx_hal_uart.o [1]
UART_Receive_IT         0x08002d31   0x92  Code  Lc  stm32f1xx_hal_uart.o [1]
UART_SetConfig          0x08002dc3   0xdc  Code  Lc  stm32f1xx_hal_uart.o [1]
UART_WaitOnFlagUntilTimeout
                        0x08002caf   0x56  Code  Lc  stm32f1xx_hal_uart.o [1]
USART1_IRQHandler       0x080056c1    0x6  Code  Gb  stm32f1xx_it.o [1]
USART2_IRQHandler       0x080056c7    0x6  Code  Gb  stm32f1xx_it.o [1]
USB_HP_CAN1_TX_IRQHandler
                        0x080056b7    0x2  Code  Gb  stm32f1xx_it.o [1]
USB_LP_CAN1_RX0_IRQHandler
                        0x080056b9    0x2  Code  Gb  stm32f1xx_it.o [1]
UsageFault_Handler      0x080056a1    0x2  Code  Gb  stm32f1xx_it.o [1]
Yaw_Parse               0x080040c1  0x124  Code  Gb  GPS.o [1]
_EncodingSb_Mbtowc      0x08001ea3   0x30  Code  Gb  xencoding_sb.o [3]
_EncodingSb_Mbtowc::initial
                        0x08001ee0    0x8  Data  Lc  xencoding_sb.o [3]
_EncodingSb_Wctomb      0x08001e89   0x1a  Code  Gb  xencoding_sb.o [3]
_EncodingSb_Wctomb::initial
                        0x08001ed8    0x8  Data  Lc  xencoding_sb.o [3]
_GenldFull              0x0800101d  0x254  Code  Lc  xprintffull.o [3]
_IsdstStr               0x200001f0    0x4  Data  Gb  setlocale.o [3]
_LdtobFull              0x08000c1d  0x3fa  Code  Lc  xprintffull.o [3]
_LitobFull              0x08000b11  0x10a  Code  Lc  xprintffull.o [3]
_LocaleEncoding         0x08001e75    0xe  Code  Gb  setlocale.o [3]
_LocaleReturnString     0x20000210   0x50  Data  Lc  setlocale.o [3]
_Locale_Profile         0x200001f4   0x1c  Data  Gb  setlocale.o [3]
_Locale_aeabi_lconv     0x200001b4   0x38  Data  Gb  localeconv.o [3]
_Locale_lconv           0x20000164   0x50  Data  Gb  localeconv.o [3]
_Mbtowc                 0x080012bb   0x20  Code  Gb  xmbtowc.o [3]
_PrintfFull             0x08000131  0x650  Code  Gb  xprintffull.o [3]
_Prout                  0x080057c1   0x16  Code  Gb  xprout.o [3]
_PutcharsFull           0x08001271   0x2e  Code  Lc  xprintffull.o [3]
_PutstrFull             0x08000805  0x306  Code  Lc  xprintffull.o [3]
_TzoneStr               0x200001ec    0x4  Data  Gb  setlocale.o [3]
_Wctomb                 0x08001441   0x1a  Code  Gb  xwctomb.o [3]
__aeabi_cdcmple         0x08001689         Code  Gb  DblCmpLe.o [4]
__aeabi_cdrcmple        0x080016b9         Code  Gb  DblCmpGe.o [4]
__aeabi_d2iz            0x080017f5         Code  Gb  DblToI32.o [4]
__aeabi_d2uiz           0x08001821         Code  Gb  DblToI32.o [4]
__aeabi_dadd            0x08001f19         Code  Gb  DblAdd.o [4]
__aeabi_ddiv            0x08001ba1         Code  Gb  DblDiv.o [4]
__aeabi_dmul            0x080019fd         Code  Gb  DblMul.o [4]
__aeabi_dsub            0x0800187d         Code  Gb  DblSub.o [4]
__aeabi_i2d             0x0800184d         Code  Gb  I32ToDbl.o [4]
__aeabi_ldiv0           0x08001f15         Code  Gb  I64DivZer.o [5]
__aeabi_memclr4         0x08004409         Code  Gb  ABImemclr4.o [5]
__aeabi_ui2d            0x08001861         Code  Gb  I32ToDbl.o [4]
__aeabi_uldivmod        0x08001555         Code  Gb  I64DivMod.o [5]
__cmain                 0x0800577d         Code  Gb  cmain.o [5]
__data_Aldata           0x20000aac    0x8  Data  Gb  xxmemxmalloc.o [3]
__data_GetMemChunk      0x08001ee9   0x2c  Code  Gb  xgetmemchunk.o [3]
__data_GetMemChunk::start
                        0x20000ab4    0x4  Data  Lc  xgetmemchunk.o [3]
__exit                  0x080057ad   0x14  Code  Gb  exit.o [6]
__iar_Atan              0x08005339  0x148  Code  Gb  xatan.o [4]
__iar_Dnorm             0x08001643   0x44  Code  Gb  xdnorm.o [4]
__iar_Dscale            0x080016e9  0x10c  Code  Gb  xdscale.o [4]
__iar_Dtest             0x08005307   0x32  Code  Gb  xdtest.o [4]
__iar_Locale_lconv_init
                        0x08001df9   0x3a  Code  Gb  localeconv.o [3]
__iar_Mbcurmax          0x08001385    0xa  Code  Gb  xmbcurmax.o [3]
__iar_Memchr            0x0800132d         Code  Gb  memchr.o [5]
__iar_Memset4_word      0x080052d5         Code  Gb  ABImemset48.o [5]
__iar_Memset8_word      0x080052d5         Code  Gb  ABImemset48.o [5]
__iar_Stdout            0x20000124   0x40  Data  Gb  xfiles.o [3]
__iar_Strchr            0x080012dd         Code  Gb  strchr.o [5]
__iar_d2uiz             0x0800182d         Code  Gb  DblToI32.o [4]
__iar_dadd              0x08001f2d         Code  Gb  DblAdd.o [4]
__iar_data_init3        0x08005735   0x28  Code  Gb  data_init.o [5]
__iar_dlib_perthread_access
                        0x08002001    0x2  Code  Gb  xtls.o [3]
__iar_dsub              0x08001891         Code  Gb  DblSub.o [4]
__iar_dsubStart         0x080018a3         Code  Gb  DblSub.o [4]
__iar_lz77_init_single3
                        0x080055c5   0x78  Code  Gb  lz77_init_single.o [5]
__iar_program_start     0x080057f5         Code  Gb  cstartup_M.o [5]
__iar_ui2d              0x08001865         Code  Gb  I32ToDbl.o [4]
__iar_unaligned___aeabi_memcpy
                        0x0800145d         Code  Gb  ABImemcpy_unaligned.o [5]
__iar_unaligned___aeabi_memcpy4
                        0x0800147d         Code  Gb  ABImemcpy_unaligned.o [5]
__iar_unaligned___aeabi_memcpy8
                        0x0800147d         Code  Gb  ABImemcpy_unaligned.o [5]
__iar_zero_init3        0x080056f5   0x40  Code  Gb  zero_init3.o [5]
__low_level_init        0x08005797    0x4  Code  Gb  low_level_init.o [3]
__vector_table          0x08000000         Data  Gb  startup_stm32f103xe.o [1]
_call_main              0x08005789         Code  Gb  cmain.o [5]
_exit                   0x080057a1         Code  Gb  cexit.o [5]
_main                   0x08005793         Code  Gb  cmain.o [5]
a                       0x080054d8   0x40  Data  Lc  xatan.o [4]
atan2                   0x08004435   0xcc  Code  Gb  atan2.o [4]
bat_value               0x2000009c    0x4  Data  Gb  main.o [1]
buffer                  0x200009d8    0x1  Data  Gb  main.o [1]
div                     0x08001e65    0xe  Code  Gb  div.o [3]
exit                    0x0800579b    0x4  Code  Gb  exit.o [3]
flag_1                  0x200000fc    0x4  Data  Gb  UART.o [1]
flag_2                  0x20000100    0x4  Data  Gb  UART.o [1]
flag_3                  0x20000104    0x4  Data  Gb  UART.o [1]
flag_4                  0x20000108    0x4  Data  Gb  UART.o [1]
flag_5                  0x2000010c    0x4  Data  Gb  UART.o [1]
flag_6                  0x20000120    0x4  Data  Gb  UART.o [1]
fputc                   0x08002005   0x1e  Code  Gb  main.o [1]
free                    0x080014d5   0x7a  Code  Gb  xxmemxfree.o [3]
hadc1                   0x20000024   0x30  Data  Gb  main.o [1]
hcan                    0x200008a4   0x44  Data  Gb  main.o [1]
htim1                   0x20000054   0x40  Data  Gb  main.o [1]
htim3                   0x20000a2c   0x40  Data  Gb  main.o [1]
htim7                   0x20000968   0x40  Data  Gb  main.o [1]
huart1                  0x20000a6c   0x40  Data  Gb  main.o [1]
huart2                  0x200008e8   0x40  Data  Gb  main.o [1]
huart3                  0x20000928   0x40  Data  Gb  main.o [1]
localeconv              0x08001e33   0x16  Code  Gb  localeconv.o [3]
main                    0x080020a1  0x578  Code  Gb  main.o [1]
main_mot_dir            0x08005547   0x1e  Code  Gb  main_mot.o [1]
main_mot_speed          0x08005519   0x2e  Code  Gb  main_mot.o [1]
malloc                  0x08001391   0xac  Code  Gb  xxmemxmalloc.o [3]
memchr                  0x0800132d         Code  Gb  memchr.o [5]
obuf                    0x200009dc   0x50  Data  Lc  xfiles.o [3]
printf                  0x08004411   0x24  Code  Gb  printf.o [3]
putchar                 0x080057d9    0xc  Code  Gb  putchar.o [3]
receive_gps             0x080041f7  0x170  Code  Gb  GPS.o [1]
reset_state             0x08002023   0x4c  Code  Gb  main.o [1]
servo                   0x20000098    0x4  Data  Gb  main.o [1]
servo_mot_dir           0x0800559d   0x16  Code  Gb  G_servo.o [1]
stop_flag               0x20000110    0x4  Data  Gb  UART.o [1]
strchr                  0x080012dd         Code  Gb  strchr.o [5]
strlen                  0x080012f5         Code  Gb  strlen.o [5]
tim_sec                 0x20000094    0x4  Data  Gb  main.o [1]
uwTick                  0x200000f0    0x4  Data  Gb  stm32f1xx_hal.o [1]
uwTickFreq              0x200000ec    0x1  Data  Gb  stm32f1xx_hal.o [1]
uwTickPrio              0x200000f4    0x4  Data  Gb  stm32f1xx_hal.o [1]
water_mot_con           0x080040a5   0x1c  Code  Gb  water_mot.o [1]


[1] = C:\git\HAN_MAGS\ARM_M3_MAGS_MAIN\FINAL_MAGS\EWARM\FINAL_MAGS\Obj
[2] = command line
[3] = dl7M_tlf.a
[4] = m7M_tl.a
[5] = rt7M_tl.a
[6] = shb_l.a

  22 716 bytes of readonly  code memory
     168 bytes of readonly  data memory
   2 744 bytes of readwrite data memory

Errors: none
Warnings: none
